2026-04-18 11:28:59.181 | torri.integration              | INFO     | main                :56   | Kafka config: server=localhost:9094 topic=gerrit-stream-events group_id=events-consumer-group
2026-04-18 11:28:59.181 | torri.integration              | INFO     | main                :57   | Gerrit config: url=http://localhost:8087/g user=torii auth_enabled=True
2026-04-18 11:28:59.181 | torri.connection.gerrit        | DEBUG    | __init__            :208  | Initialized GerritRestConnection base_url=http://localhost:8087/g authenticated=True
2026-04-18 11:28:59.182 | torri.integration              | INFO     | main                :68   | Starting Kafka connection
2026-04-18 11:28:59.183 | torri.kafka.connection         | INFO     | connect             :42   | Connected to Kafka, subscribed to gerrit-stream-events
2026-04-18 11:28:59.184 | torri.kafka.connection         | INFO     | get_events          :63   | Starting event consumption loop...
2026-04-18 11:28:59.184 | torri.integration              | INFO     | main                :71   | Starting Gerrit event processor
2026-04-18 11:28:59.184 | torri.integration              | INFO     | main                :74   | Integration harness running. Press Ctrl+C to stop.
2026-04-18 11:28:59.256 | torri.kafka.connection         | DEBUG    | get_events          :94   | Received data from kafka with this data {'uploader': {'email': 'torii@localdomain', 'username': 'torii'}, 'patchSet': {'number': 1, 'revision': '71ea7ebfa01ffc2f7bb8dc20fd29f3d674db85db', 'parents': ['fc7ada184998abe2a70d750b3cd020d0dd17c053'], 'ref': 'refs/changes/03/3/1', 'uploader': {'email': 'torii@localdomain', 'username': 'torii'}, 'createdOn': 1776500870, 'author': {'email': 'torii@localdomain', 'username': 'torii'}, 'kind': 'REWORK', 'sizeInsertions': 9, 'sizeDeletions': 0}, 'change': {'project': 'libraries/common-utils', 'branch': 'master', 'id': 'I933e1c8ba05d1a3ad3f60e9b6f42287a695a2770', 'number': 3, 'subject': 'fall-1', 'owner': {'email': 'torii@localdomain', 'username': 'torii'}, 'url': 'http://gerrit:8080/g/c/libraries/common-utils/+/3', 'commitMessage': 'fall-1\n\nChange-Id: I933e1c8ba05d1a3ad3f60e9b6f42287a695a2770\n', 'createdOn': 1776500870, 'status': 'NEW', 'wip': True}, 'project': 'libraries/common-utils', 'refName': 'refs/heads/master', 'changeKey': {'id': 'I933e1c8ba05d1a3ad3f60e9b6f42287a695a2770'}, 'type': 'patchset-created', 'eventCreatedOn': 1776500870}
2026-04-18 11:28:59.256 | torri.gerrit.event_processor   | DEBUG    | _build_event        :27   | Building event from payload keys=['uploader', 'patchSet', 'change', 'project', 'refName', 'changeKey', 'type', 'eventCreatedOn']
2026-04-18 11:28:59.257 | torri.kafka.connection         | DEBUG    | get_events          :94   | Received data from kafka with this data {'author': {'email': 'torii@localdomain', 'username': 'torii'}, 'approvals': [{'type': 'All-Approvals', 'description': 'All-Approvals', 'value': '0'}, {'type': 'Verified', 'description': 'Verified', 'value': '0'}, {'type': 'Gatekeeper', 'description': 'Gatekeeper', 'value': '0'}, {'type': 'Patch-Set-Lock', 'description': 'Patch-Set-Lock', 'value': '0'}, {'type': 'Code-Review', 'description': 'Code-Review', 'value': '0'}, {'type': 'Integrated', 'description': 'Integrated', 'value': '0'}, {'type': 'PIT-Verified', 'description': 'PIT-Verified', 'value': '0'}], 'comment': 'Patch Set 1:\n\nThis change is ready for review.', 'patchSet': {'number': 1, 'revision': '71ea7ebfa01ffc2f7bb8dc20fd29f3d674db85db', 'parents': ['fc7ada184998abe2a70d750b3cd020d0dd17c053'], 'ref': 'refs/changes/03/3/1', 'uploader': {'email': 'torii@localdomain', 'username': 'torii'}, 'createdOn': 1776500870, 'author': {'email': 'torii@localdomain', 'username': 'torii'}, 'kind': 'REWORK', 'sizeInsertions': 9, 'sizeDeletions': 0}, 'change': {'project': 'libraries/common-utils', 'branch': 'master', 'id': 'I933e1c8ba05d1a3ad3f60e9b6f42287a695a2770', 'number': 3, 'subject': 'fall-1', 'owner': {'email': 'torii@localdomain', 'username': 'torii'}, 'url': 'http://gerrit:8080/g/c/libraries/common-utils/+/3', 'commitMessage': 'fall-1\n\nChange-Id: I933e1c8ba05d1a3ad3f60e9b6f42287a695a2770\n', 'createdOn': 1776500870, 'status': 'NEW'}, 'project': 'libraries/common-utils', 'refName': 'refs/heads/master', 'changeKey': {'id': 'I933e1c8ba05d1a3ad3f60e9b6f42287a695a2770'}, 'type': 'comment-added', 'eventCreatedOn': 1776500877}
2026-04-18 11:28:59.257 | torri.gerrit.event_processor   | DEBUG    | _handle_event       :64   | Handling event type=patchset-created change=3 patch=1 project=libraries/common-utils
2026-04-18 11:28:59.257 | torri.kafka.connection         | DEBUG    | get_events          :94   | Received data from kafka with this data {'submitter': {'email': 'torii@localdomain', 'username': 'torii'}, 'refUpdate': {'oldRev': '0000000000000000000000000000000000000000', 'newRev': 'f72fc30d82548b50ae126472df99885b3684c3f1', 'refName': 'refs/changes/04/4/meta', 'project': 'libraries/common-utils'}, 'type': 'ref-updated', 'eventCreatedOn': 1776500896}
2026-04-18 11:28:59.257 | torri.gerrit.event_processor   | DEBUG    | _handle_event       :73   | Submitting change enrichment for change=3
2026-04-18 11:28:59.258 | torri.kafka.connection         | DEBUG    | get_events          :94   | Received data from kafka with this data {'submitter': {'email': 'torii@localdomain', 'username': 'torii'}, 'refUpdate': {'oldRev': '0000000000000000000000000000000000000000', 'newRev': '553a86acba35fec2e07154caaca22a4b705c6327', 'refName': 'refs/changes/03/3/meta', 'project': 'libraries/common-utils'}, 'type': 'ref-updated', 'eventCreatedOn': 1776500870}
2026-04-18 11:28:59.258 | torri.connection.gerrit        | DEBUG    | _getChange          :283  | Cache miss or refresh for key=('3', None) refresh=False
2026-04-18 11:28:59.258 | torri.gerrit.event_processor   | DEBUG    | _build_event        :27   | Building event from payload keys=['author', 'approvals', 'comment', 'patchSet', 'change', 'project', 'refName', 'changeKey', 'type', 'eventCreatedOn']
2026-04-18 11:28:59.259 | torri.kafka.connection         | DEBUG    | get_events          :94   | Received data from kafka with this data {'changer': {'email': 'torii@localdomain', 'username': 'torii'}, 'patchSet': {'number': 1, 'revision': '71ea7ebfa01ffc2f7bb8dc20fd29f3d674db85db', 'parents': ['fc7ada184998abe2a70d750b3cd020d0dd17c053'], 'ref': 'refs/changes/03/3/1', 'uploader': {'email': 'torii@localdomain', 'username': 'torii'}, 'createdOn': 1776500870, 'author': {'email': 'torii@localdomain', 'username': 'torii'}, 'kind': 'REWORK', 'sizeInsertions': 9, 'sizeDeletions': 0}, 'change': {'project': 'libraries/common-utils', 'branch': 'master', 'id': 'I933e1c8ba05d1a3ad3f60e9b6f42287a695a2770', 'number': 3, 'subject': 'fall-1', 'owner': {'email': 'torii@localdomain', 'username': 'torii'}, 'url': 'http://gerrit:8080/g/c/libraries/common-utils/+/3', 'commitMessage': 'fall-1\n\nChange-Id: I933e1c8ba05d1a3ad3f60e9b6f42287a695a2770\n', 'createdOn': 1776500870, 'status': 'NEW'}, 'project': 'libraries/common-utils', 'refName': 'refs/heads/master', 'changeKey': {'id': 'I933e1c8ba05d1a3ad3f60e9b6f42287a695a2770'}, 'type': 'wip-state-changed', 'eventCreatedOn': 1776500877}
2026-04-18 11:28:59.259 | torri.connection.gerrit        | DEBUG    | _getChange          :286  | Network manager state=fetch change=3
2026-04-18 11:28:59.259 | torri.gerrit.event_processor   | DEBUG    | _handle_event       :64   | Handling event type=comment-added change=3 patch=1 project=libraries/common-utils
2026-04-18 11:28:59.259 | torri.kafka.connection         | DEBUG    | get_events          :94   | Received data from kafka with this data {'uploader': {'email': 'torii@localdomain', 'username': 'torii'}, 'patchSet': {'number': 1, 'revision': '908602f16c1e088a7a0c390a96033bd11d948ed9', 'parents': ['71ea7ebfa01ffc2f7bb8dc20fd29f3d674db85db'], 'ref': 'refs/changes/04/4/1', 'uploader': {'email': 'torii@localdomain', 'username': 'torii'}, 'createdOn': 1776500896, 'author': {'email': 'torii@localdomain', 'username': 'torii'}, 'kind': 'REWORK', 'sizeInsertions': 9, 'sizeDeletions': 0}, 'change': {'project': 'libraries/common-utils', 'branch': 'master', 'id': 'I731294220140f0d6a4daf8190153a191a2f172d8', 'number': 4, 'subject': 'fll-2', 'owner': {'email': 'torii@localdomain', 'username': 'torii'}, 'url': 'http://gerrit:8080/g/c/libraries/common-utils/+/4', 'commitMessage': 'fll-2\n\nChange-Id: I731294220140f0d6a4daf8190153a191a2f172d8\n', 'createdOn': 1776500896, 'status': 'NEW', 'wip': True}, 'project': 'libraries/common-utils', 'refName': 'refs/heads/master', 'changeKey': {'id': 'I731294220140f0d6a4daf8190153a191a2f172d8'}, 'type': 'patchset-created', 'eventCreatedOn': 1776500896}
2026-04-18 11:28:59.260 | torri.connection.gerrit        | DEBUG    | _getChange          :307  | Fetching and updating change=3 patchset=None
2026-04-18 11:28:59.260 | torri.gerrit.event_processor   | DEBUG    | _handle_event       :73   | Submitting change enrichment for change=3
2026-04-18 11:28:59.260 | torri.kafka.connection         | DEBUG    | get_events          :94   | Received data from kafka with this data {'submitter': {'email': 'torii@localdomain', 'username': 'torii'}, 'refUpdate': {'oldRev': '0000000000000000000000000000000000000000', 'newRev': '71ea7ebfa01ffc2f7bb8dc20fd29f3d674db85db', 'refName': 'refs/changes/03/3/1', 'project': 'libraries/common-utils'}, 'type': 'ref-updated', 'eventCreatedOn': 1776500870}
2026-04-18 11:28:59.260 | torri.connection.gerrit        | DEBUG    | _updateChange       :335  | Updating change=3 patchset=None history=['3']
2026-04-18 11:28:59.261 | torri.connection.gerrit        | DEBUG    | _getChange          :280  | Cache hit for key=('3', None)
2026-04-18 11:28:59.261 | torri.gerrit.event_processor   | DEBUG    | _build_event        :27   | Building event from payload keys=['submitter', 'refUpdate', 'type', 'eventCreatedOn']
2026-04-18 11:28:59.261 | torri.kafka.connection         | DEBUG    | get_events          :94   | Received data from kafka with this data {'submitter': {'email': 'torii@localdomain', 'username': 'torii'}, 'refUpdate': {'oldRev': '553a86acba35fec2e07154caaca22a4b705c6327', 'newRev': 'ec7ec68124dc91038b11b40fdbf1ff13cd7f44d2', 'refName': 'refs/changes/03/3/meta', 'project': 'libraries/common-utils'}, 'type': 'ref-updated', 'eventCreatedOn': 1776500877}
2026-04-18 11:28:59.261 | torri.connection.gerrit        | DEBUG    | query               :225  | Query change=3 attempt=1/3
2026-04-18 11:28:59.262 | torri.gerrit.event_processor   | DEBUG    | _on_enrichment_done :86   | Enrichment done for change=3 has_details=True
2026-04-18 11:28:59.262 | torri.gerrit.event_processor   | DEBUG    | _handle_event       :64   | Handling event type=ref-updated change= patch= project=libraries/common-utils
2026-04-18 11:28:59.262 | torri.kafka.connection         | DEBUG    | get_events          :94   | Received data from kafka with this data {'submitter': {'email': 'torii@localdomain', 'username': 'torii'}, 'refUpdate': {'oldRev': '0000000000000000000000000000000000000000', 'newRev': '908602f16c1e088a7a0c390a96033bd11d948ed9', 'refName': 'refs/changes/04/4/1', 'project': 'libraries/common-utils'}, 'type': 'ref-updated', 'eventCreatedOn': 1776500896}
2026-04-18 11:28:59.262 | torri.connection.gerrit        | DEBUG    | _get                :254  | HTTP GET http://localhost:8087/g/a/changes/3?o=DETAILED_ACCOUNTS&o=CURRENT_REVISION&o=CURRENT_COMMIT&o=CURRENT_FILES&o=LABELS&o=DETAILED_LABELS&o=ALL_REVISIONS
2026-04-18 11:28:59.263 | torri.gerrit.event_processor   | DEBUG    | _dispatch_event     :101  | Dispatch event type=comment-added change=3 branch=master
2026-04-18 11:28:59.263 | torri.gerrit.event_processor   | DEBUG    | _handle_event       :79   | Event has no change number, dispatching directly
2026-04-18 11:28:59.263 | torri.kafka.connection         | DEBUG    | get_events          :94   | Received data from kafka with this data {'submitter': {'email': 'torii@localdomain', 'username': 'torii'}, 'refUpdate': {'oldRev': 'f72fc30d82548b50ae126472df99885b3684c3f1', 'newRev': 'd67de8d99b172a20c764f8c3b58c8038ccc525dc', 'refName': 'refs/changes/04/4/meta', 'project': 'libraries/common-utils'}, 'type': 'ref-updated', 'eventCreatedOn': 1776500899}
2026-04-18 11:28:59.264 | urllib3.connectionpool         | DEBUG    | _new_conn           :241  | Starting new HTTP connection (1): localhost:8087
2026-04-18 11:28:59.265 | torri.gerrit.event_processor   | DEBUG    | _dispatch_event     :101  | Dispatch event type=ref-updated change= branch=
2026-04-18 11:28:59.265 | torri.kafka.connection         | DEBUG    | get_events          :94   | Received data from kafka with this data {'changer': {'email': 'torii@localdomain', 'username': 'torii'}, 'patchSet': {'number': 1, 'revision': '908602f16c1e088a7a0c390a96033bd11d948ed9', 'parents': ['71ea7ebfa01ffc2f7bb8dc20fd29f3d674db85db'], 'ref': 'refs/changes/04/4/1', 'uploader': {'email': 'torii@localdomain', 'username': 'torii'}, 'createdOn': 1776500896, 'author': {'email': 'torii@localdomain', 'username': 'torii'}, 'kind': 'REWORK', 'sizeInsertions': 9, 'sizeDeletions': 0}, 'change': {'project': 'libraries/common-utils', 'branch': 'master', 'id': 'I731294220140f0d6a4daf8190153a191a2f172d8', 'number': 4, 'subject': 'fll-2', 'owner': {'email': 'torii@localdomain', 'username': 'torii'}, 'url': 'http://gerrit:8080/g/c/libraries/common-utils/+/4', 'commitMessage': 'fll-2\n\nChange-Id: I731294220140f0d6a4daf8190153a191a2f172d8\n', 'createdOn': 1776500896, 'status': 'NEW'}, 'project': 'libraries/common-utils', 'refName': 'refs/heads/master', 'changeKey': {'id': 'I731294220140f0d6a4daf8190153a191a2f172d8'}, 'type': 'wip-state-changed', 'eventCreatedOn': 1776500899}
2026-04-18 11:28:59.266 | torri.gerrit.event_processor   | DEBUG    | _build_event        :27   | Building event from payload keys=['submitter', 'refUpdate', 'type', 'eventCreatedOn']
2026-04-18 11:28:59.268 | torri.gerrit.event_processor   | DEBUG    | _handle_event       :64   | Handling event type=ref-updated change= patch= project=libraries/common-utils
2026-04-18 11:28:59.268 | torri.gerrit.event_processor   | DEBUG    | _handle_event       :79   | Event has no change number, dispatching directly
2026-04-18 11:28:59.268 | torri.gerrit.event_processor   | DEBUG    | _dispatch_event     :101  | Dispatch event type=ref-updated change= branch=
2026-04-18 11:28:59.268 | torri.gerrit.event_processor   | DEBUG    | _build_event        :27   | Building event from payload keys=['changer', 'patchSet', 'change', 'project', 'refName', 'changeKey', 'type', 'eventCreatedOn']
2026-04-18 11:28:59.268 | torri.gerrit.event_processor   | DEBUG    | _handle_event       :64   | Handling event type=wip-state-changed change=3 patch=1 project=libraries/common-utils
2026-04-18 11:28:59.269 | torri.gerrit.event_processor   | DEBUG    | _handle_event       :73   | Submitting change enrichment for change=3
2026-04-18 11:28:59.269 | torri.gerrit.event_processor   | DEBUG    | _build_event        :27   | Building event from payload keys=['uploader', 'patchSet', 'change', 'project', 'refName', 'changeKey', 'type', 'eventCreatedOn']
2026-04-18 11:28:59.269 | torri.connection.gerrit        | DEBUG    | _getChange          :280  | Cache hit for key=('3', None)
2026-04-18 11:28:59.269 | torri.gerrit.event_processor   | DEBUG    | _handle_event       :64   | Handling event type=patchset-created change=4 patch=1 project=libraries/common-utils
2026-04-18 11:28:59.270 | torri.gerrit.event_processor   | DEBUG    | _on_enrichment_done :86   | Enrichment done for change=3 has_details=True
2026-04-18 11:28:59.270 | torri.gerrit.event_processor   | DEBUG    | _handle_event       :73   | Submitting change enrichment for change=4
2026-04-18 11:28:59.270 | torri.gerrit.event_processor   | DEBUG    | _dispatch_event     :101  | Dispatch event type=wip-state-changed change=3 branch=master
2026-04-18 11:28:59.271 | torri.connection.gerrit        | DEBUG    | _getChange          :283  | Cache miss or refresh for key=('4', None) refresh=False
2026-04-18 11:28:59.272 | torri.gerrit.event_processor   | DEBUG    | _build_event        :27   | Building event from payload keys=['submitter', 'refUpdate', 'type', 'eventCreatedOn']
2026-04-18 11:28:59.272 | torri.connection.gerrit        | DEBUG    | _getChange          :286  | Network manager state=fetch change=4
2026-04-18 11:28:59.273 | torri.gerrit.event_processor   | DEBUG    | _handle_event       :64   | Handling event type=ref-updated change= patch= project=libraries/common-utils
2026-04-18 11:28:59.273 | torri.connection.gerrit        | DEBUG    | _getChange          :307  | Fetching and updating change=4 patchset=None
2026-04-18 11:28:59.273 | torri.gerrit.event_processor   | DEBUG    | _handle_event       :79   | Event has no change number, dispatching directly
2026-04-18 11:28:59.273 | torri.connection.gerrit        | DEBUG    | _updateChange       :335  | Updating change=4 patchset=None history=['4']
2026-04-18 11:28:59.273 | torri.gerrit.event_processor   | DEBUG    | _dispatch_event     :101  | Dispatch event type=ref-updated change= branch=
2026-04-18 11:28:59.274 | torri.connection.gerrit        | DEBUG    | query               :225  | Query change=4 attempt=1/3
2026-04-18 11:28:59.274 | torri.gerrit.event_processor   | DEBUG    | _build_event        :27   | Building event from payload keys=['submitter', 'refUpdate', 'type', 'eventCreatedOn']
2026-04-18 11:28:59.274 | torri.connection.gerrit        | DEBUG    | _get                :254  | HTTP GET http://localhost:8087/g/a/changes/4?o=DETAILED_ACCOUNTS&o=CURRENT_REVISION&o=CURRENT_COMMIT&o=CURRENT_FILES&o=LABELS&o=DETAILED_LABELS&o=ALL_REVISIONS
2026-04-18 11:28:59.274 | torri.gerrit.event_processor   | DEBUG    | _handle_event       :64   | Handling event type=ref-updated change= patch= project=libraries/common-utils
2026-04-18 11:28:59.276 | urllib3.connectionpool         | DEBUG    | _new_conn           :241  | Starting new HTTP connection (2): localhost:8087
2026-04-18 11:28:59.276 | torri.gerrit.event_processor   | DEBUG    | _handle_event       :79   | Event has no change number, dispatching directly
2026-04-18 11:28:59.277 | torri.gerrit.event_processor   | DEBUG    | _dispatch_event     :101  | Dispatch event type=ref-updated change= branch=
2026-04-18 11:28:59.277 | torri.gerrit.event_processor   | DEBUG    | _build_event        :27   | Building event from payload keys=['submitter', 'refUpdate', 'type', 'eventCreatedOn']
2026-04-18 11:28:59.277 | torri.gerrit.event_processor   | DEBUG    | _handle_event       :64   | Handling event type=ref-updated change= patch= project=libraries/common-utils
2026-04-18 11:28:59.278 | torri.gerrit.event_processor   | DEBUG    | _handle_event       :79   | Event has no change number, dispatching directly
2026-04-18 11:28:59.278 | torri.gerrit.event_processor   | DEBUG    | _dispatch_event     :101  | Dispatch event type=ref-updated change= branch=
2026-04-18 11:28:59.278 | torri.gerrit.event_processor   | DEBUG    | _build_event        :27   | Building event from payload keys=['submitter', 'refUpdate', 'type', 'eventCreatedOn']
2026-04-18 11:28:59.278 | torri.gerrit.event_processor   | DEBUG    | _handle_event       :64   | Handling event type=ref-updated change= patch= project=libraries/common-utils
2026-04-18 11:28:59.279 | torri.gerrit.event_processor   | DEBUG    | _handle_event       :79   | Event has no change number, dispatching directly
2026-04-18 11:28:59.279 | torri.gerrit.event_processor   | DEBUG    | _dispatch_event     :101  | Dispatch event type=ref-updated change= branch=
2026-04-18 11:28:59.279 | torri.gerrit.event_processor   | DEBUG    | _build_event        :27   | Building event from payload keys=['changer', 'patchSet', 'change', 'project', 'refName', 'changeKey', 'type', 'eventCreatedOn']
2026-04-18 11:28:59.279 | torri.gerrit.event_processor   | DEBUG    | _handle_event       :64   | Handling event type=wip-state-changed change=4 patch=1 project=libraries/common-utils
2026-04-18 11:28:59.279 | torri.gerrit.event_processor   | DEBUG    | _handle_event       :73   | Submitting change enrichment for change=4
2026-04-18 11:28:59.280 | torri.connection.gerrit        | DEBUG    | _getChange          :280  | Cache hit for key=('4', None)
2026-04-18 11:28:59.280 | torri.gerrit.event_processor   | DEBUG    | _on_enrichment_done :86   | Enrichment done for change=4 has_details=True
2026-04-18 11:28:59.280 | torri.gerrit.event_processor   | DEBUG    | _dispatch_event     :101  | Dispatch event type=wip-state-changed change=4 branch=master
2026-04-18 11:28:59.302 | urllib3.connectionpool         | DEBUG    | _make_request       :544  | http://localhost:8087 "GET /g/a/changes/4?o=DETAILED_ACCOUNTS&o=CURRENT_REVISION&o=CURRENT_COMMIT&o=CURRENT_FILES&o=LABELS&o=DETAILED_LABELS&o=ALL_REVISIONS HTTP/1.1" 200 1309
2026-04-18 11:28:59.303 | urllib3.connectionpool         | DEBUG    | _make_request       :544  | http://localhost:8087 "GET /g/a/changes/3?o=DETAILED_ACCOUNTS&o=CURRENT_REVISION&o=CURRENT_COMMIT&o=CURRENT_FILES&o=LABELS&o=DETAILED_LABELS&o=ALL_REVISIONS HTTP/1.1" 200 1309
2026-04-18 11:28:59.306 | torri.connection.gerrit        | DEBUG    | _get                :257  | HTTP 200 bytes=4784
2026-04-18 11:28:59.307 | torri.connection.gerrit        | DEBUG    | _get                :257  | HTTP 200 bytes=4787
2026-04-18 11:28:59.308 | torri.connection.gerrit        | DEBUG    | _get                :254  | HTTP GET http://localhost:8087/g/a/changes/4/revisions/908602f16c1e088a7a0c390a96033bd11d948ed9/related
2026-04-18 11:28:59.308 | torri.connection.gerrit        | DEBUG    | _get                :254  | HTTP GET http://localhost:8087/g/a/changes/3/revisions/71ea7ebfa01ffc2f7bb8dc20fd29f3d674db85db/related
2026-04-18 11:28:59.325 | urllib3.connectionpool         | DEBUG    | _make_request       :544  | http://localhost:8087 "GET /g/a/changes/4/revisions/908602f16c1e088a7a0c390a96033bd11d948ed9/related HTTP/1.1" 200 472
2026-04-18 11:28:59.326 | torri.connection.gerrit        | DEBUG    | _get                :257  | HTTP 200 bytes=1293
2026-04-18 11:28:59.327 | torri.connection.gerrit        | DEBUG    | query               :234  | Query success change=4 current_revision=908602f16c1e088a7a0c390a96033bd11d948ed9 related_count=3
2026-04-18 11:28:59.327 | torri.connection.gerrit        | DEBUG    | _prepareDependencyListFromHttp:323  | Dependencies for change=4 depends_on=(3, 1) needed_by=[]
2026-04-18 11:28:59.327 | torri.connection.gerrit        | DEBUG    | _getChange          :283  | Cache miss or refresh for key=('3', '1') refresh=False
2026-04-18 11:28:59.327 | torri.connection.gerrit        | DEBUG    | _getChange          :286  | Network manager state=wait change=3
2026-04-18 11:28:59.327 | torri.connection.gerrit        | DEBUG    | _getChange          :291  | Waiting for in-flight fetch on change=3
2026-04-18 11:28:59.337 | urllib3.connectionpool         | DEBUG    | _make_request       :544  | http://localhost:8087 "GET /g/a/changes/3/revisions/71ea7ebfa01ffc2f7bb8dc20fd29f3d674db85db/related HTTP/1.1" 200 472
2026-04-18 11:28:59.338 | torri.connection.gerrit        | DEBUG    | _get                :257  | HTTP 200 bytes=1293
2026-04-18 11:28:59.338 | torri.connection.gerrit        | DEBUG    | query               :234  | Query success change=3 current_revision=71ea7ebfa01ffc2f7bb8dc20fd29f3d674db85db related_count=3
2026-04-18 11:28:59.338 | torri.connection.gerrit        | DEBUG    | _prepareDependencyListFromHttp:323  | Dependencies for change=3 depends_on=(2, 1) needed_by=[(4, 1)]
2026-04-18 11:28:59.338 | torri.connection.gerrit        | DEBUG    | _getChange          :283  | Cache miss or refresh for key=('2', '1') refresh=False
2026-04-18 11:28:59.338 | torri.connection.gerrit        | DEBUG    | _getChange          :286  | Network manager state=fetch change=2
2026-04-18 11:28:59.338 | torri.connection.gerrit        | DEBUG    | _getChange          :307  | Fetching and updating change=2 patchset=1
2026-04-18 11:28:59.338 | torri.connection.gerrit        | DEBUG    | _updateChange       :335  | Updating change=2 patchset=1 history=['3', '2']
2026-04-18 11:28:59.338 | torri.connection.gerrit        | DEBUG    | query               :225  | Query change=2 attempt=1/3
2026-04-18 11:28:59.338 | torri.connection.gerrit        | DEBUG    | _get                :254  | HTTP GET http://localhost:8087/g/a/changes/2?o=DETAILED_ACCOUNTS&o=CURRENT_REVISION&o=CURRENT_COMMIT&o=CURRENT_FILES&o=LABELS&o=DETAILED_LABELS&o=ALL_REVISIONS
2026-04-18 11:28:59.363 | urllib3.connectionpool         | DEBUG    | _make_request       :544  | http://localhost:8087 "GET /g/a/changes/2?o=DETAILED_ACCOUNTS&o=CURRENT_REVISION&o=CURRENT_COMMIT&o=CURRENT_FILES&o=LABELS&o=DETAILED_LABELS&o=ALL_REVISIONS HTTP/1.1" 200 1602
2026-04-18 11:28:59.364 | torri.connection.gerrit        | DEBUG    | _get                :257  | HTTP 200 bytes=16530
2026-04-18 11:28:59.364 | torri.connection.gerrit        | DEBUG    | _get                :254  | HTTP GET http://localhost:8087/g/a/changes/2/revisions/fc7ada184998abe2a70d750b3cd020d0dd17c053/related
2026-04-18 11:28:59.378 | urllib3.connectionpool         | DEBUG    | _make_request       :544  | http://localhost:8087 "GET /g/a/changes/2/revisions/fc7ada184998abe2a70d750b3cd020d0dd17c053/related HTTP/1.1" 200 472
2026-04-18 11:28:59.379 | torri.connection.gerrit        | DEBUG    | _get                :257  | HTTP 200 bytes=1293
2026-04-18 11:28:59.379 | torri.connection.gerrit        | DEBUG    | query               :234  | Query success change=2 current_revision=fc7ada184998abe2a70d750b3cd020d0dd17c053 related_count=3
2026-04-18 11:28:59.380 | torri.connection.gerrit        | DEBUG    | _prepareDependencyListFromHttp:323  | Dependencies for change=2 depends_on=None needed_by=[(4, 1), (3, 1)]
2026-04-18 11:28:59.380 | torri.connection.gerrit        | DEBUG    | _getChange          :283  | Cache miss or refresh for key=('4', '1') refresh=False
2026-04-18 11:28:59.380 | torri.connection.gerrit        | DEBUG    | _getChange          :286  | Network manager state=inflight change=4
2026-04-18 11:28:59.380 | torri.connection.gerrit        | WARNING  | _getChange          :288  | Circular dependency on change 4, returning in-flight object.
2026-04-18 11:28:59.380 | torri.connection.gerrit        | DEBUG    | _updateChange       :364  | Updated change=2 needs=0 needed_by=1
2026-04-18 11:28:59.381 | torri.connection.gerrit        | DEBUG    | _getChange          :283  | Cache miss or refresh for key=('4', '1') refresh=False
2026-04-18 11:28:59.381 | torri.connection.gerrit        | DEBUG    | _getChange          :286  | Network manager state=inflight change=4
2026-04-18 11:28:59.381 | torri.connection.gerrit        | WARNING  | _getChange          :288  | Circular dependency on change 4, returning in-flight object.
2026-04-18 11:28:59.381 | torri.connection.gerrit        | DEBUG    | _updateChange       :364  | Updated change=3 needs=1 needed_by=1
2026-04-18 11:28:59.381 | torri.gerrit.event_processor   | DEBUG    | _on_enrichment_done :86   | Enrichment done for change=3 has_details=True
2026-04-18 11:28:59.381 | torri.connection.gerrit        | DEBUG    | _updateChange       :364  | Updated change=4 needs=1 needed_by=0
2026-04-18 11:28:59.381 | torri.gerrit.event_processor   | DEBUG    | _dispatch_event     :101  | Dispatch event type=patchset-created change=3 branch=master
2026-04-18 11:28:59.382 | torri.gerrit.event_processor   | DEBUG    | _on_enrichment_done :86   | Enrichment done for change=4 has_details=True
2026-04-18 11:28:59.382 | torri.gerrit.event_processor   | DEBUG    | _dispatch_event     :101  | Dispatch event type=patchset-created change=4 branch=master
2026-04-18 11:31:01.688 | torri.kafka.connection         | DEBUG    | get_events          :94   | Received data from kafka with this data {'submitter': {'email': 'torii@localdomain', 'username': 'torii'}, 'refUpdate': {'oldRev': 'ec7ec68124dc91038b11b40fdbf1ff13cd7f44d2', 'newRev': '8a77c9b550b558f2b6df015323e4beeec2f1b508', 'refName': 'refs/changes/03/3/meta', 'project': 'libraries/common-utils'}, 'type': 'ref-updated', 'eventCreatedOn': 1776501061}
2026-04-18 11:31:01.688 | torri.gerrit.event_processor   | DEBUG    | _build_event        :27   | Building event from payload keys=['submitter', 'refUpdate', 'type', 'eventCreatedOn']
2026-04-18 11:31:01.689 | torri.gerrit.event_processor   | DEBUG    | _handle_event       :64   | Handling event type=ref-updated change= patch= project=libraries/common-utils
2026-04-18 11:31:01.689 | torri.gerrit.event_processor   | DEBUG    | _handle_event       :79   | Event has no change number, dispatching directly
2026-04-18 11:31:01.689 | torri.gerrit.event_processor   | DEBUG    | _dispatch_event     :101  | Dispatch event type=ref-updated change= branch=
2026-04-18 11:31:01.705 | torri.kafka.connection         | DEBUG    | get_events          :94   | Received data from kafka with this data {'author': {'email': 'torii@localdomain', 'username': 'torii'}, 'approvals': [{'type': 'All-Approvals', 'description': 'All-Approvals', 'value': '0'}, {'type': 'Verified', 'description': 'Verified', 'value': '0'}, {'type': 'Gatekeeper', 'description': 'Gatekeeper', 'value': '0'}, {'type': 'Patch-Set-Lock', 'description': 'Patch-Set-Lock', 'value': '0'}, {'type': 'Code-Review', 'description': 'Code-Review', 'value': '0'}, {'type': 'Integrated', 'description': 'Integrated', 'value': '0'}, {'type': 'PIT-Verified', 'description': 'PIT-Verified', 'value': '0'}], 'comment': 'Patch Set 1:\n\nactive', 'patchSet': {'number': 1, 'revision': '71ea7ebfa01ffc2f7bb8dc20fd29f3d674db85db', 'parents': ['fc7ada184998abe2a70d750b3cd020d0dd17c053'], 'ref': 'refs/changes/03/3/1', 'uploader': {'email': 'torii@localdomain', 'username': 'torii'}, 'createdOn': 1776500870, 'author': {'email': 'torii@localdomain', 'username': 'torii'}, 'kind': 'REWORK', 'sizeInsertions': 9, 'sizeDeletions': 0}, 'change': {'project': 'libraries/common-utils', 'branch': 'master', 'id': 'I933e1c8ba05d1a3ad3f60e9b6f42287a695a2770', 'number': 3, 'subject': 'fall-1', 'owner': {'email': 'torii@localdomain', 'username': 'torii'}, 'url': 'http://gerrit:8080/g/c/libraries/common-utils/+/3', 'commitMessage': 'fall-1\n\nChange-Id: I933e1c8ba05d1a3ad3f60e9b6f42287a695a2770\n', 'createdOn': 1776500870, 'status': 'NEW'}, 'project': 'libraries/common-utils', 'refName': 'refs/heads/master', 'changeKey': {'id': 'I933e1c8ba05d1a3ad3f60e9b6f42287a695a2770'}, 'type': 'comment-added', 'eventCreatedOn': 1776501061}
2026-04-18 11:31:01.706 | torri.gerrit.event_processor   | DEBUG    | _build_event        :27   | Building event from payload keys=['author', 'approvals', 'comment', 'patchSet', 'change', 'project', 'refName', 'changeKey', 'type', 'eventCreatedOn']
2026-04-18 11:31:01.706 | torri.gerrit.event_processor   | DEBUG    | _handle_event       :64   | Handling event type=comment-added change=3 patch=1 project=libraries/common-utils
2026-04-18 11:31:01.706 | torri.gerrit.event_processor   | DEBUG    | _handle_event       :73   | Submitting change enrichment for change=3
2026-04-18 11:31:01.706 | torri.connection.gerrit        | DEBUG    | _getChange          :280  | Cache hit for key=('3', None)
2026-04-18 11:31:01.707 | torri.gerrit.event_processor   | DEBUG    | _on_enrichment_done :86   | Enrichment done for change=3 has_details=True
2026-04-18 11:31:01.707 | torri.gerrit.event_processor   | DEBUG    | _dispatch_event     :101  | Dispatch event type=comment-added change=3 branch=master
2026-04-18 12:03:46.507 | torri.kafka.connection         | DEBUG    | get_events          :94   | Received data from kafka with this data {'submitter': {'email': 'torii@localdomain', 'username': 'torii'}, 'refUpdate': {'oldRev': '0000000000000000000000000000000000000000', 'newRev': 'd875c04f3c50974adc18ce2594766def4ed85591', 'refName': 'refs/changes/05/5/1', 'project': 'web/frontend-app'}, 'type': 'ref-updated', 'eventCreatedOn': 1776503026}
2026-04-18 12:03:46.507 | torri.gerrit.event_processor   | DEBUG    | _build_event        :27   | Building event from payload keys=['submitter', 'refUpdate', 'type', 'eventCreatedOn']
2026-04-18 12:03:46.508 | torri.kafka.connection         | DEBUG    | get_events          :94   | Received data from kafka with this data {'submitter': {'email': 'torii@localdomain', 'username': 'torii'}, 'refUpdate': {'oldRev': '0000000000000000000000000000000000000000', 'newRev': 'b2e2fdd1cf0e44f000fecd67392e8109c0d1525f', 'refName': 'refs/changes/05/5/meta', 'project': 'web/frontend-app'}, 'type': 'ref-updated', 'eventCreatedOn': 1776503026}
2026-04-18 12:03:46.508 | torri.gerrit.event_processor   | DEBUG    | _handle_event       :64   | Handling event type=ref-updated change= patch= project=web/frontend-app
2026-04-18 12:03:46.508 | torri.gerrit.event_processor   | DEBUG    | _handle_event       :79   | Event has no change number, dispatching directly
2026-04-18 12:03:46.508 | torri.gerrit.event_processor   | DEBUG    | _dispatch_event     :101  | Dispatch event type=ref-updated change= branch=
2026-04-18 12:03:46.509 | torri.gerrit.event_processor   | DEBUG    | _build_event        :27   | Building event from payload keys=['submitter', 'refUpdate', 'type', 'eventCreatedOn']
2026-04-18 12:03:46.509 | torri.gerrit.event_processor   | DEBUG    | _handle_event       :64   | Handling event type=ref-updated change= patch= project=web/frontend-app
2026-04-18 12:03:46.509 | torri.gerrit.event_processor   | DEBUG    | _handle_event       :79   | Event has no change number, dispatching directly
2026-04-18 12:03:46.509 | torri.gerrit.event_processor   | DEBUG    | _dispatch_event     :101  | Dispatch event type=ref-updated change= branch=
2026-04-18 12:03:46.528 | torri.kafka.connection         | DEBUG    | get_events          :94   | Received data from kafka with this data {'uploader': {'email': 'torii@localdomain', 'username': 'torii'}, 'patchSet': {'number': 1, 'revision': 'd875c04f3c50974adc18ce2594766def4ed85591', 'parents': ['b9b51c308742b9096d2f540b41e28107057d47de'], 'ref': 'refs/changes/05/5/1', 'uploader': {'email': 'torii@localdomain', 'username': 'torii'}, 'createdOn': 1776503026, 'author': {'email': 'torii@localdomain', 'username': 'torii'}, 'kind': 'REWORK', 'sizeInsertions': 9, 'sizeDeletions': 0}, 'change': {'project': 'web/frontend-app', 'branch': 'master', 'id': 'I0023d3721a6d33ef1b91f38117c050701304796d', 'number': 5, 'subject': 'test test', 'owner': {'email': 'torii@localdomain', 'username': 'torii'}, 'url': 'http://gerrit:8080/g/c/web/frontend-app/+/5', 'commitMessage': 'test test\n\nChange-Id: I0023d3721a6d33ef1b91f38117c050701304796d\n', 'createdOn': 1776503026, 'status': 'NEW', 'wip': True}, 'project': 'web/frontend-app', 'refName': 'refs/heads/master', 'changeKey': {'id': 'I0023d3721a6d33ef1b91f38117c050701304796d'}, 'type': 'patchset-created', 'eventCreatedOn': 1776503026}
2026-04-18 12:03:46.528 | torri.gerrit.event_processor   | DEBUG    | _build_event        :27   | Building event from payload keys=['uploader', 'patchSet', 'change', 'project', 'refName', 'changeKey', 'type', 'eventCreatedOn']
2026-04-18 12:03:46.528 | torri.gerrit.event_processor   | DEBUG    | _handle_event       :64   | Handling event type=patchset-created change=5 patch=1 project=web/frontend-app
2026-04-18 12:03:46.528 | torri.gerrit.event_processor   | DEBUG    | _handle_event       :73   | Submitting change enrichment for change=5
2026-04-18 12:03:46.529 | torri.connection.gerrit        | DEBUG    | _getChange          :283  | Cache miss or refresh for key=('5', None) refresh=False
2026-04-18 12:03:46.529 | torri.connection.gerrit        | DEBUG    | _getChange          :286  | Network manager state=fetch change=5
2026-04-18 12:03:46.529 | torri.connection.gerrit        | DEBUG    | _getChange          :307  | Fetching and updating change=5 patchset=None
2026-04-18 12:03:46.529 | torri.connection.gerrit        | DEBUG    | _updateChange       :335  | Updating change=5 patchset=None history=['5']
2026-04-18 12:03:46.529 | torri.connection.gerrit        | DEBUG    | query               :225  | Query change=5 attempt=1/3
2026-04-18 12:03:46.530 | torri.connection.gerrit        | DEBUG    | _get                :254  | HTTP GET http://localhost:8087/g/a/changes/5?o=DETAILED_ACCOUNTS&o=CURRENT_REVISION&o=CURRENT_COMMIT&o=CURRENT_FILES&o=LABELS&o=DETAILED_LABELS&o=ALL_REVISIONS
2026-04-18 12:03:46.532 | urllib3.connectionpool         | DEBUG    | _get_conn           :289  | Resetting dropped connection: localhost
2026-04-18 12:03:46.563 | urllib3.connectionpool         | DEBUG    | _make_request       :544  | http://localhost:8087 "GET /g/a/changes/5?o=DETAILED_ACCOUNTS&o=CURRENT_REVISION&o=CURRENT_COMMIT&o=CURRENT_FILES&o=LABELS&o=DETAILED_LABELS&o=ALL_REVISIONS HTTP/1.1" 200 1332
2026-04-18 12:03:46.564 | torri.connection.gerrit        | DEBUG    | _get                :257  | HTTP 200 bytes=4803
2026-04-18 12:03:46.564 | torri.connection.gerrit        | DEBUG    | _get                :254  | HTTP GET http://localhost:8087/g/a/changes/5/revisions/d875c04f3c50974adc18ce2594766def4ed85591/related
2026-04-18 12:03:46.577 | urllib3.connectionpool         | DEBUG    | _make_request       :544  | http://localhost:8087 "GET /g/a/changes/5/revisions/d875c04f3c50974adc18ce2594766def4ed85591/related HTTP/1.1" 200 20
2026-04-18 12:03:46.578 | torri.connection.gerrit        | DEBUG    | _get                :257  | HTTP 200 bytes=20
2026-04-18 12:03:46.578 | torri.connection.gerrit        | DEBUG    | query               :234  | Query success change=5 current_revision=d875c04f3c50974adc18ce2594766def4ed85591 related_count=0
2026-04-18 12:03:46.578 | torri.connection.gerrit        | DEBUG    | _prepareDependencyListFromHttp:323  | Dependencies for change=5 depends_on=None needed_by=[]
2026-04-18 12:03:46.578 | torri.connection.gerrit        | DEBUG    | _updateChange       :364  | Updated change=5 needs=0 needed_by=0
2026-04-18 12:03:46.578 | torri.gerrit.event_processor   | DEBUG    | _on_enrichment_done :86   | Enrichment done for change=5 has_details=True
2026-04-18 12:03:46.578 | torri.gerrit.event_processor   | DEBUG    | _dispatch_event     :101  | Dispatch event type=patchset-created change=5 branch=master
2026-04-18 15:42:02.222 | torri.kafka.connection         | DEBUG    | get_events          :94   | Received data from kafka with this data {'submitter': {'email': 'torii@localdomain', 'username': 'torii'}, 'refUpdate': {'oldRev': '8a77c9b550b558f2b6df015323e4beeec2f1b508', 'newRev': 'bff82d2dcdab476afc39f3c15a436fa44c6af8d2', 'refName': 'refs/changes/03/3/meta', 'project': 'libraries/common-utils'}, 'type': 'ref-updated', 'eventCreatedOn': 1776516122}
2026-04-18 15:42:02.223 | torri.gerrit.event_processor   | DEBUG    | _build_event        :27   | Building event from payload keys=['submitter', 'refUpdate', 'type', 'eventCreatedOn']
2026-04-18 15:42:02.223 | torri.gerrit.event_processor   | DEBUG    | _handle_event       :64   | Handling event type=ref-updated change= patch= project=libraries/common-utils
2026-04-18 15:42:02.223 | torri.gerrit.event_processor   | DEBUG    | _handle_event       :79   | Event has no change number, dispatching directly
2026-04-18 15:42:02.223 | torri.gerrit.event_processor   | DEBUG    | _dispatch_event     :101  | Dispatch event type=ref-updated change= branch=
2026-04-18 15:42:02.247 | torri.kafka.connection         | DEBUG    | get_events          :94   | Received data from kafka with this data {'author': {'email': 'torii@localdomain', 'username': 'torii'}, 'approvals': [{'type': 'All-Approvals', 'description': 'All-Approvals', 'value': '0'}, {'type': 'Verified', 'description': 'Verified', 'value': '0'}, {'type': 'Gatekeeper', 'description': 'Gatekeeper', 'value': '0'}, {'type': 'Patch-Set-Lock', 'description': 'Patch-Set-Lock', 'value': '0'}, {'type': 'Code-Review', 'description': 'Code-Review', 'value': '0'}, {'type': 'Integrated', 'description': 'Integrated', 'value': '0'}, {'type': 'PIT-Verified', 'description': 'PIT-Verified', 'value': '0'}], 'comment': 'Patch Set 1:\n\ntest', 'patchSet': {'number': 1, 'revision': '71ea7ebfa01ffc2f7bb8dc20fd29f3d674db85db', 'parents': ['fc7ada184998abe2a70d750b3cd020d0dd17c053'], 'ref': 'refs/changes/03/3/1', 'uploader': {'email': 'torii@localdomain', 'username': 'torii'}, 'createdOn': 1776500870, 'author': {'email': 'torii@localdomain', 'username': 'torii'}, 'kind': 'REWORK', 'sizeInsertions': 9, 'sizeDeletions': 0}, 'change': {'project': 'libraries/common-utils', 'branch': 'master', 'id': 'I933e1c8ba05d1a3ad3f60e9b6f42287a695a2770', 'number': 3, 'subject': 'fall-1', 'owner': {'email': 'torii@localdomain', 'username': 'torii'}, 'url': 'http://gerrit:8080/g/c/libraries/common-utils/+/3', 'commitMessage': 'fall-1\n\nChange-Id: I933e1c8ba05d1a3ad3f60e9b6f42287a695a2770\n', 'createdOn': 1776500870, 'status': 'NEW'}, 'project': 'libraries/common-utils', 'refName': 'refs/heads/master', 'changeKey': {'id': 'I933e1c8ba05d1a3ad3f60e9b6f42287a695a2770'}, 'type': 'comment-added', 'eventCreatedOn': 1776516122}
2026-04-18 15:42:02.247 | torri.gerrit.event_processor   | DEBUG    | _build_event        :27   | Building event from payload keys=['author', 'approvals', 'comment', 'patchSet', 'change', 'project', 'refName', 'changeKey', 'type', 'eventCreatedOn']
2026-04-18 15:42:02.247 | torri.gerrit.event_processor   | DEBUG    | _handle_event       :64   | Handling event type=comment-added change=3 patch=1 project=libraries/common-utils
2026-04-18 15:42:02.247 | torri.gerrit.event_processor   | DEBUG    | _handle_event       :73   | Submitting change enrichment for change=3
2026-04-18 15:42:02.248 | torri.connection.gerrit        | DEBUG    | _getChange          :280  | Cache hit for key=('3', None)
2026-04-18 15:42:02.248 | torri.gerrit.event_processor   | DEBUG    | _on_enrichment_done :86   | Enrichment done for change=3 has_details=True
2026-04-18 15:42:02.248 | torri.gerrit.event_processor   | DEBUG    | _dispatch_event     :101  | Dispatch event type=comment-added change=3 branch=master
2026-04-18 15:42:41.728 | torri.integration              | INFO     | main                :80   | Received Ctrl+C, stopping
2026-04-18 15:42:41.728 | torri.integration              | INFO     | main                :83   | Total events received: 18
2026-04-18 15:42:41.729 | torri.kafka.connection         | INFO     | shutdown            :124  | Shutting down Kafka client...
2026-04-18 15:42:42.291 | torri.kafka.connection         | INFO     | _close_consumer     :120  | ✓ Consumer closed
